........................................................................ [ 41%]
..................................................................FF.... [ 83%]
.............................                                            [100%]
=================================== FAILURES ===================================
____ test_last_run_requires_bearer_rejects_bad_paths_and_returns_newest_row ____

tmp_path = PosixPath('/tmp/pytest-of-johnclaw/pytest-114530/test_last_run_requires_bearer_0')

    def test_last_run_requires_bearer_rejects_bad_paths_and_returns_newest_row(tmp_path):
        calls = []

        def transport(*_args, **_kwargs):
            calls.append(1)
            return 200, {"state": "REQUESTED"}

        lane = "after-close-pipeline-close-capture"
        other = "premarket-data-pipeline"
        _insert_runs(
            _ledger(tmp_path),
            [
                _run_row("run-old", lane, "dry_run", "RUN_FAILED", "2026-10-08T15:00:00+00:00"),
                _run_row("run-new", lane, "live", "RUN_DONE", "2026-10-08T21:00:00+00:00"),
                _run_row("run-other", other, "live", "RUN_DONE", "2026-10-08T22:00:00+00:00"),
            ],
        )
        running = relay(tmp_path, transport=transport)
>       with _http(running) as port:
             ^^^^^^^^^^^^^^

tests/test_n8n_run_relay_20261008.py:260:
_ _ _ _ _ _ _ _ _ _ _ _ _ _ _ _ _ _ _ _ _ _ _ _ _ _ _ _ _ _ _ _ _ _ _ _ _ _ _ _
/usr/lib/python3.14/contextlib.py:141: in __enter__
    return next(self.gen)
           ^^^^^^^^^^^^^^
tests/test_n8n_run_relay_20261008.py:219: in _http
    server = R.ThreadingHTTPServer(("127.0.0.1", 0), R.handler_for(relay_obj))
             ^^^^^^^^^^^^^^^^^^^^^^^^^^^^^^^^^^^^^^^^^^^^^^^^^^^^^^^^^^^^^^^^^
/usr/lib/python3.14/socketserver.py:453: in __init__
    self.socket = socket.socket(self.address_family,
_ _ _ _ _ _ _ _ _ _ _ _ _ _ _ _ _ _ _ _ _ _ _ _ _ _ _ _ _ _ _ _ _ _ _ _ _ _ _ _

self = <socket.socket fd=-1, family=0, type=0, proto=0>
family = <AddressFamily.AF_INET: 2>, type = <SocketKind.SOCK_STREAM: 1>
proto = 0, fileno = None

    def __init__(self, family=-1, type=-1, proto=-1, fileno=None):
        # For user code address family and type values are IntEnum members, but
        # for the underlying _socket.socket they're just integers. The
        # constructor of _socket.socket converts the given argument to an
        # integer automatically.
        if fileno is None:
            if family == -1:
                family = AF_INET
            if type == -1:
                type = SOCK_STREAM
            if proto == -1:
                proto = 0
>       _socket.socket.__init__(self, family, type, proto, fileno)
E       PermissionError: [Errno 1] Operation not permitted

/usr/lib/python3.14/socket.py:236: PermissionError
_________ test_last_run_empty_ledger_is_null_and_body_stays_within_cap _________

tmp_path = PosixPath('/tmp/pytest-of-johnclaw/pytest-114530/test_last_run_empty_ledger_is_0')

    def test_last_run_empty_ledger_is_null_and_body_stays_within_cap(tmp_path):
        running = relay(tmp_path, transport=lambda *_a, **_k: (_ for _ in ()).throw(AssertionError("gateway")))
>       with _http(running) as port:
             ^^^^^^^^^^^^^^

tests/test_n8n_run_relay_20261008.py:293:
_ _ _ _ _ _ _ _ _ _ _ _ _ _ _ _ _ _ _ _ _ _ _ _ _ _ _ _ _ _ _ _ _ _ _ _ _ _ _ _
/usr/lib/python3.14/contextlib.py:141: in __enter__
    return next(self.gen)
           ^^^^^^^^^^^^^^
tests/test_n8n_run_relay_20261008.py:219: in _http
    server = R.ThreadingHTTPServer(("127.0.0.1", 0), R.handler_for(relay_obj))
             ^^^^^^^^^^^^^^^^^^^^^^^^^^^^^^^^^^^^^^^^^^^^^^^^^^^^^^^^^^^^^^^^^
/usr/lib/python3.14/socketserver.py:453: in __init__
    self.socket = socket.socket(self.address_family,
_ _ _ _ _ _ _ _ _ _ _ _ _ _ _ _ _ _ _ _ _ _ _ _ _ _ _ _ _ _ _ _ _ _ _ _ _ _ _ _

self = <socket.socket fd=-1, family=0, type=0, proto=0>
family = <AddressFamily.AF_INET: 2>, type = <SocketKind.SOCK_STREAM: 1>
proto = 0, fileno = None

    def __init__(self, family=-1, type=-1, proto=-1, fileno=None):
        # For user code address family and type values are IntEnum members, but
        # for the underlying _socket.socket they're just integers. The
        # constructor of _socket.socket converts the given argument to an
        # integer automatically.
        if fileno is None:
            if family == -1:
                family = AF_INET
            if type == -1:
                type = SOCK_STREAM
            if proto == -1:
                proto = 0
>       _socket.socket.__init__(self, family, type, proto, fileno)
E       PermissionError: [Errno 1] Operation not permitted

/usr/lib/python3.14/socket.py:236: PermissionError
=========================== short test summary info ============================
FAILED tests/test_n8n_run_relay_20261008.py::test_last_run_requires_bearer_rejects_bad_paths_and_returns_newest_row
FAILED tests/test_n8n_run_relay_20261008.py::test_last_run_empty_ledger_is_null_and_body_stays_within_cap
2 failed, 171 passed in 8.35s
