...............................................                          [100%]
==================================== PASSES ====================================
__________ test_dry_run_passes_the_dry_run_argument_and_moves_nothing __________
----------------------------- Captured stdout call -----------------------------
{"executor": "started", "ledger": "/tmp/pytest-of-johnclaw/pytest-125497/test_dry_run_passes_the_dry_ru0/ledger.sqlite", "allowlist": "/tmp/pytest-of-johnclaw/pytest-125497/test_dry_run_passes_the_dry_ru0/allow.json", "lanes": ["fake-lane", "flock-lane", "live-only-lane"], "code_root": "/tmp/pytest-of-johnclaw/pytest-125497/test_dry_run_passes_the_dry_ru0/code", "once": true}
{"run_id": "run-dry00-0000000001", "lane_id": "fake-lane", "mode": "dry_run", "state": "RUN_DONE", "exit_code": 0, "duration_s": 0.635, "lock_skipped": false, "timed_out": false}
_______________________ test_nonzero_exit_is_run_failed ________________________
----------------------------- Captured stdout call -----------------------------
{"executor": "started", "ledger": "/tmp/pytest-of-johnclaw/pytest-125497/test_nonzero_exit_is_run_faile0/ledger.sqlite", "allowlist": "/tmp/pytest-of-johnclaw/pytest-125497/test_nonzero_exit_is_run_faile0/allow.json", "lanes": ["fake-lane", "flock-lane", "live-only-lane"], "code_root": "/tmp/pytest-of-johnclaw/pytest-125497/test_nonzero_exit_is_run_faile0/code", "once": true}
{"run_id": "run-exit3-0000000001", "lane_id": "fake-lane", "mode": "live", "state": "RUN_FAILED", "exit_code": 3, "duration_s": 0.87, "lock_skipped": false, "timed_out": false}
__________ test_a_live_pid_file_on_the_lane_lock_is_run_skipped_lock ___________
----------------------------- Captured stdout call -----------------------------
{"executor": "started", "ledger": "/tmp/pytest-of-johnclaw/pytest-125497/test_a_live_pid_file_on_the_la0/ledger.sqlite", "allowlist": "/tmp/pytest-of-johnclaw/pytest-125497/test_a_live_pid_file_on_the_la0/allow.json", "lanes": ["fake-lane", "flock-lane", "live-only-lane"], "code_root": "/tmp/pytest-of-johnclaw/pytest-125497/test_a_live_pid_file_on_the_la0/code", "once": true}
{"run_id": "run-lock0-0000000001", "lane_id": "fake-lane", "mode": "live", "state": "RUN_SKIPPED_LOCK", "exit_code": 0, "duration_s": 0.411, "lock_skipped": true, "timed_out": false}
___ test_flock_kind_reuses_a_cron_style_lock_and_reports_conflict_as_skipped ___
----------------------------- Captured stdout call -----------------------------
{"executor": "started", "ledger": "/tmp/pytest-of-johnclaw/pytest-125497/test_flock_kind_reuses_a_cron_0/ledger.sqlite", "allowlist": "/tmp/pytest-of-johnclaw/pytest-125497/test_flock_kind_reuses_a_cron_0/allow.json", "lanes": ["fake-lane", "flock-lane", "live-only-lane"], "code_root": "/tmp/pytest-of-johnclaw/pytest-125497/test_flock_kind_reuses_a_cron_0/code", "once": true}
{"run_id": "run-flock-0000000001", "lane_id": "flock-lane", "mode": "live", "state": "RUN_SKIPPED_LOCK", "exit_code": 75, "duration_s": 0.004, "lock_skipped": true, "timed_out": false}
{"executor": "started", "ledger": "/tmp/pytest-of-johnclaw/pytest-125497/test_flock_kind_reuses_a_cron_0/ledger.sqlite", "allowlist": "/tmp/pytest-of-johnclaw/pytest-125497/test_flock_kind_reuses_a_cron_0/allow.json", "lanes": ["fake-lane", "flock-lane", "live-only-lane"], "code_root": "/tmp/pytest-of-johnclaw/pytest-125497/test_flock_kind_reuses_a_cron_0/code", "once": true}
{"run_id": "run-flock-0000000002", "lane_id": "flock-lane", "mode": "live", "state": "RUN_DONE", "exit_code": 0, "duration_s": 0.129, "lock_skipped": false, "timed_out": false}
_________________________ test_timeout_is_run_timeout __________________________
----------------------------- Captured stdout call -----------------------------
{"executor": "started", "ledger": "/tmp/pytest-of-johnclaw/pytest-125497/test_timeout_is_run_timeout0/ledger.sqlite", "allowlist": "/tmp/pytest-of-johnclaw/pytest-125497/test_timeout_is_run_timeout0/allow.json", "lanes": ["fake-lane", "flock-lane", "live-only-lane"], "code_root": "/tmp/pytest-of-johnclaw/pytest-125497/test_timeout_is_run_timeout0/code", "once": true}
{"run_id": "run-tmout-0000000001", "lane_id": "fake-lane", "mode": "live", "state": "RUN_TIMEOUT", "exit_code": 124, "duration_s": 1.871, "lock_skipped": false, "timed_out": true}
_____ test_missing_lane_and_unavailable_mode_are_refused_without_spawning ______
----------------------------- Captured stdout call -----------------------------
{"executor": "started", "ledger": "/tmp/pytest-of-johnclaw/pytest-125497/test_missing_lane_and_unavaila0/ledger.sqlite", "allowlist": "/tmp/pytest-of-johnclaw/pytest-125497/test_missing_lane_and_unavaila0/allow.json", "lanes": ["fake-lane", "flock-lane", "live-only-lane"], "code_root": "/tmp/pytest-of-johnclaw/pytest-125497/test_missing_lane_and_unavaila0/code", "once": true}
{"run_id": "run-refus-0000000001", "lane_id": "not-in-allowlist", "mode": "live", "state": "RUN_REFUSED", "exit_code": null, "duration_s": 0.0, "lock_skipped": false, "timed_out": false}
{"run_id": "run-refus-0000000002", "lane_id": "live-only-lane", "mode": "dry_run", "state": "RUN_REFUSED", "exit_code": null, "duration_s": 0.0, "lock_skipped": false, "timed_out": false}
{"run_id": "run-refus-0000000003", "lane_id": "fake-lane", "mode": "apply", "state": "RUN_REFUSED", "exit_code": null, "duration_s": 0.0, "lock_skipped": false, "timed_out": false}
_________ test_once_drains_oldest_first_and_an_empty_queue_exits_clean _________
----------------------------- Captured stdout call -----------------------------
{"executor": "started", "ledger": "/tmp/pytest-of-johnclaw/pytest-125497/test_once_drains_oldest_first_0/ledger.sqlite", "allowlist": "/tmp/pytest-of-johnclaw/pytest-125497/test_once_drains_oldest_first_0/allow.json", "lanes": ["fake-lane", "flock-lane", "live-only-lane"], "code_root": "/tmp/pytest-of-johnclaw/pytest-125497/test_once_drains_oldest_first_0/code", "once": true}
{"executor": "started", "ledger": "/tmp/pytest-of-johnclaw/pytest-125497/test_once_drains_oldest_first_0/ledger.sqlite", "allowlist": "/tmp/pytest-of-johnclaw/pytest-125497/test_once_drains_oldest_first_0/allow.json", "lanes": ["fake-lane", "flock-lane", "live-only-lane"], "code_root": "/tmp/pytest-of-johnclaw/pytest-125497/test_once_drains_oldest_first_0/code", "once": true}
{"run_id": "run-order-0000000001", "lane_id": "fake-lane", "mode": "dry_run", "state": "RUN_DONE", "exit_code": 0, "duration_s": 0.895, "lock_skipped": false, "timed_out": false}
{"run_id": "run-order-0000000002", "lane_id": "fake-lane", "mode": "dry_run", "state": "RUN_DONE", "exit_code": 0, "duration_s": 0.589, "lock_skipped": false, "timed_out": false}
________ test_bad_allowlist_is_exit_2_and_malformed_entries_are_dropped ________
----------------------------- Captured stderr call -----------------------------
{"error": "allowlist:AllowlistError", "path": "/tmp/pytest-of-johnclaw/pytest-125497/test_bad_allowlist_is_exit_2_a0/bad.json"}
______ test_expected_concurrent_run_bursts_all_land_as_requested_rows[1] _______
----------------------------- Captured stdout call -----------------------------
BURST_METRICS {"burst": 1, "dropped_requests": 0, "evidence_class": "TEST_ONLY", "handler_errors": 0, "handler_max_s": 0.0012006000615656376, "queue_delay_reason": "executor not run in gateway-only fixture", "queue_delay_s": null, "request_max_s": 0.05925638787448406, "request_p50_s": 0.05925638787448406, "request_p95_s": 0.05925638787448406}
______ test_expected_concurrent_run_bursts_all_land_as_requested_rows[5] _______
----------------------------- Captured stdout call -----------------------------
BURST_METRICS {"burst": 5, "dropped_requests": 0, "evidence_class": "TEST_ONLY", "handler_errors": 0, "handler_max_s": 0.0017412099987268448, "queue_delay_reason": "executor not run in gateway-only fixture", "queue_delay_s": null, "request_max_s": 0.009818125050514936, "request_p50_s": 0.007025170139968395, "request_p95_s": 0.009818125050514936}
______ test_expected_concurrent_run_bursts_all_land_as_requested_rows[16] ______
----------------------------- Captured stdout call -----------------------------
BURST_METRICS {"burst": 16, "dropped_requests": 0, "evidence_class": "TEST_ONLY", "handler_errors": 0, "handler_max_s": 0.013378670904785395, "queue_delay_reason": "executor not run in gateway-only fixture", "queue_delay_s": null, "request_max_s": 0.0915817217901349, "request_p50_s": 0.042929355055093765, "request_p95_s": 0.0915817217901349}
______ test_expected_concurrent_run_bursts_all_land_as_requested_rows[32] ______
----------------------------- Captured stdout call -----------------------------
BURST_METRICS {"burst": 32, "dropped_requests": 0, "evidence_class": "TEST_ONLY", "handler_errors": 0, "handler_max_s": 0.010478831827640533, "queue_delay_reason": "executor not run in gateway-only fixture", "queue_delay_s": null, "request_max_s": 0.29441843274980783, "request_p50_s": 0.24370037578046322, "request_p95_s": 0.29307527001947165}
______ test_expected_concurrent_run_bursts_all_land_as_requested_rows[64] ______
----------------------------- Captured stdout call -----------------------------
BURST_METRICS {"burst": 64, "dropped_requests": 0, "evidence_class": "TEST_ONLY", "handler_errors": 0, "handler_max_s": 0.02197035914286971, "queue_delay_reason": "executor not run in gateway-only fixture", "queue_delay_s": null, "request_max_s": 0.36966218892484903, "request_p50_s": 0.18635923229157925, "request_p95_s": 0.3570974422618747}
_________ test_lock_cost_is_negligible_against_one_sqlite_transaction __________
----------------------------- Captured stdout call -----------------------------

MEASURED {"event_burst_client_mean_s": 0.056479, "event_burst_handler_mean_ms": 1.995899, "lock_acquire_release_us": 0.148063, "nonce_txn_us": 59.62413, "run_burst_client_max_s": 0.369662, "run_burst_client_mean_s": 0.183267, "run_burst_handler_max_ms": 21.970359, "run_burst_handler_mean_ms": 3.12853, "run_burst_wall_per_request_ms": 12.920134, "run_burst_wall_s": 0.826889}
47 passed in 17.41s
