FFFFFFFFFFFFFFFFF                                                        [100%]
=================================== FAILURES ===================================
_ test_historical_replay_evaluates_present_valid_archives_instead_of_zero_stub _

tmp_path = PosixPath('/tmp/pytest-of-johnclaw/pytest-115414/test_historical_replay_evaluat0')

    def test_historical_replay_evaluates_present_valid_archives_instead_of_zero_stub(tmp_path):
        from scripts.ops.run_cross_asset_historical_replay import run_window

        archive, _, _, _, _ = _historical_archive(tmp_path)
        before = {p.name: p.read_bytes() for p in archive.iterdir()}
        result = run_window(30, archive_dir=archive)
>       assert result["signals_evaluated"] == 1
E       assert 0 == 1

tests/test_cross_asset_decision_intelligence.py:186: AssertionError
_ test_historical_replay_without_option_facts_counts_signals_but_refuses_superiority _

tmp_path = PosixPath('/tmp/pytest-of-johnclaw/pytest-115414/test_historical_replay_without0')

    def test_historical_replay_without_option_facts_counts_signals_but_refuses_superiority(tmp_path):
        from scripts.ops.run_cross_asset_historical_replay import run_window

        archive, clock, _, _, _ = _historical_archive(tmp_path, with_facts=False)
>       result = run_window(30, archive_dir=archive, as_of=clock.isoformat())
                 ^^^^^^^^^^^^^^^^^^^^^^^^^^^^^^^^^^^^^^^^^^^^^^^^^^^^^^^^^^^^
E       TypeError: run_window() got an unexpected keyword argument 'as_of'

tests/test_cross_asset_decision_intelligence.py:199: TypeError
_________ test_historical_replay_is_deterministic_with_explicit_as_of __________

tmp_path = PosixPath('/tmp/pytest-of-johnclaw/pytest-115414/test_historical_replay_is_dete0')

    def test_historical_replay_is_deterministic_with_explicit_as_of(tmp_path):
        from scripts.ops.run_cross_asset_historical_replay import run_window

        archive, clock, _, _, _ = _historical_archive(tmp_path)
>       first = run_window(30, archive_dir=archive, as_of=clock.isoformat())
                ^^^^^^^^^^^^^^^^^^^^^^^^^^^^^^^^^^^^^^^^^^^^^^^^^^^^^^^^^^^^
E       TypeError: run_window() got an unexpected keyword argument 'as_of'

tests/test_cross_asset_decision_intelligence.py:212: TypeError
_ test_historical_replay_malformed_archive_is_invalid_instead_of_available[signals.jsonl] _

tmp_path = PosixPath('/tmp/pytest-of-johnclaw/pytest-115414/test_historical_replay_malform0')
filename = 'signals.jsonl'

    @pytest.mark.parametrize("filename", ["signals.jsonl", "prices.jsonl", "expression_facts.jsonl"])
    def test_historical_replay_malformed_archive_is_invalid_instead_of_available(tmp_path, filename):
        from scripts.ops.run_cross_asset_historical_replay import run_window

        archive, clock, _, _, _ = _historical_archive(tmp_path)
        (archive / filename).write_text("{malformed\n", encoding="utf-8")
>       result = run_window(30, archive_dir=archive, as_of=clock.isoformat())
                 ^^^^^^^^^^^^^^^^^^^^^^^^^^^^^^^^^^^^^^^^^^^^^^^^^^^^^^^^^^^^
E       TypeError: run_window() got an unexpected keyword argument 'as_of'

tests/test_cross_asset_decision_intelligence.py:224: TypeError
_ test_historical_replay_malformed_archive_is_invalid_instead_of_available[prices.jsonl] _

tmp_path = PosixPath('/tmp/pytest-of-johnclaw/pytest-115414/test_historical_replay_malform1')
filename = 'prices.jsonl'

    @pytest.mark.parametrize("filename", ["signals.jsonl", "prices.jsonl", "expression_facts.jsonl"])
    def test_historical_replay_malformed_archive_is_invalid_instead_of_available(tmp_path, filename):
        from scripts.ops.run_cross_asset_historical_replay import run_window

        archive, clock, _, _, _ = _historical_archive(tmp_path)
        (archive / filename).write_text("{malformed\n", encoding="utf-8")
>       result = run_window(30, archive_dir=archive, as_of=clock.isoformat())
                 ^^^^^^^^^^^^^^^^^^^^^^^^^^^^^^^^^^^^^^^^^^^^^^^^^^^^^^^^^^^^
E       TypeError: run_window() got an unexpected keyword argument 'as_of'

tests/test_cross_asset_decision_intelligence.py:224: TypeError
_ test_historical_replay_malformed_archive_is_invalid_instead_of_available[expression_facts.jsonl] _

tmp_path = PosixPath('/tmp/pytest-of-johnclaw/pytest-115414/test_historical_replay_malform2')
filename = 'expression_facts.jsonl'

    @pytest.mark.parametrize("filename", ["signals.jsonl", "prices.jsonl", "expression_facts.jsonl"])
    def test_historical_replay_malformed_archive_is_invalid_instead_of_available(tmp_path, filename):
        from scripts.ops.run_cross_asset_historical_replay import run_window

        archive, clock, _, _, _ = _historical_archive(tmp_path)
        (archive / filename).write_text("{malformed\n", encoding="utf-8")
>       result = run_window(30, archive_dir=archive, as_of=clock.isoformat())
                 ^^^^^^^^^^^^^^^^^^^^^^^^^^^^^^^^^^^^^^^^^^^^^^^^^^^^^^^^^^^^
E       TypeError: run_window() got an unexpected keyword argument 'as_of'

tests/test_cross_asset_decision_intelligence.py:224: TypeError
_ test_historical_replay_refuses_unproven_identity_time_and_price[missing_asof] _

tmp_path = PosixPath('/tmp/pytest-of-johnclaw/pytest-115414/test_historical_replay_refuses0')
mutation = 'missing_asof'

    @pytest.mark.parametrize("mutation", ["missing_asof", "naive_asof", "future_identity", "symbol_mismatch", "unresolved_identity", "nonfinite_price"])
    def test_historical_replay_refuses_unproven_identity_time_and_price(tmp_path, mutation):
        from datetime import timedelta
        from scripts.ops.run_cross_asset_historical_replay import run_window

        archive, clock, signal, price, _ = _historical_archive(tmp_path)
        if mutation == "missing_asof":
            signal["identity"].pop("as_of")
        elif mutation == "naive_asof":
            signal["identity"]["as_of"] = "2026-01-01T00:00:00"
        elif mutation == "future_identity":
            signal["identity"]["as_of"] = (clock + timedelta(days=1)).isoformat()
        elif mutation == "symbol_mismatch":
            signal["identity"]["symbol"] = "XYZ"
        elif mutation == "unresolved_identity":
            signal["identity"]["identity_status"] = "UNRESOLVED"
        elif mutation == "nonfinite_price":
            price["price"] = float("nan")
        (archive / "signals.jsonl").write_text(json.dumps(signal) + "\n", encoding="utf-8")
        (archive / "prices.jsonl").write_text(json.dumps(price) + "\n", encoding="utf-8")
>       result = run_window(30, archive_dir=archive, as_of=clock.isoformat())
                 ^^^^^^^^^^^^^^^^^^^^^^^^^^^^^^^^^^^^^^^^^^^^^^^^^^^^^^^^^^^^
E       TypeError: run_window() got an unexpected keyword argument 'as_of'

tests/test_cross_asset_decision_intelligence.py:250: TypeError
_ test_historical_replay_refuses_unproven_identity_time_and_price[naive_asof] __

tmp_path = PosixPath('/tmp/pytest-of-johnclaw/pytest-115414/test_historical_replay_refuses1')
mutation = 'naive_asof'

    @pytest.mark.parametrize("mutation", ["missing_asof", "naive_asof", "future_identity", "symbol_mismatch", "unresolved_identity", "nonfinite_price"])
    def test_historical_replay_refuses_unproven_identity_time_and_price(tmp_path, mutation):
        from datetime import timedelta
        from scripts.ops.run_cross_asset_historical_replay import run_window

        archive, clock, signal, price, _ = _historical_archive(tmp_path)
        if mutation == "missing_asof":
            signal["identity"].pop("as_of")
        elif mutation == "naive_asof":
            signal["identity"]["as_of"] = "2026-01-01T00:00:00"
        elif mutation == "future_identity":
            signal["identity"]["as_of"] = (clock + timedelta(days=1)).isoformat()
        elif mutation == "symbol_mismatch":
            signal["identity"]["symbol"] = "XYZ"
        elif mutation == "unresolved_identity":
            signal["identity"]["identity_status"] = "UNRESOLVED"
        elif mutation == "nonfinite_price":
            price["price"] = float("nan")
        (archive / "signals.jsonl").write_text(json.dumps(signal) + "\n", encoding="utf-8")
        (archive / "prices.jsonl").write_text(json.dumps(price) + "\n", encoding="utf-8")
>       result = run_window(30, archive_dir=archive, as_of=clock.isoformat())
                 ^^^^^^^^^^^^^^^^^^^^^^^^^^^^^^^^^^^^^^^^^^^^^^^^^^^^^^^^^^^^
E       TypeError: run_window() got an unexpected keyword argument 'as_of'

tests/test_cross_asset_decision_intelligence.py:250: TypeError
_ test_historical_replay_refuses_unproven_identity_time_and_price[future_identity] _

tmp_path = PosixPath('/tmp/pytest-of-johnclaw/pytest-115414/test_historical_replay_refuses2')
mutation = 'future_identity'

    @pytest.mark.parametrize("mutation", ["missing_asof", "naive_asof", "future_identity", "symbol_mismatch", "unresolved_identity", "nonfinite_price"])
    def test_historical_replay_refuses_unproven_identity_time_and_price(tmp_path, mutation):
        from datetime import timedelta
        from scripts.ops.run_cross_asset_historical_replay import run_window

        archive, clock, signal, price, _ = _historical_archive(tmp_path)
        if mutation == "missing_asof":
            signal["identity"].pop("as_of")
        elif mutation == "naive_asof":
            signal["identity"]["as_of"] = "2026-01-01T00:00:00"
        elif mutation == "future_identity":
            signal["identity"]["as_of"] = (clock + timedelta(days=1)).isoformat()
        elif mutation == "symbol_mismatch":
            signal["identity"]["symbol"] = "XYZ"
        elif mutation == "unresolved_identity":
            signal["identity"]["identity_status"] = "UNRESOLVED"
        elif mutation == "nonfinite_price":
            price["price"] = float("nan")
        (archive / "signals.jsonl").write_text(json.dumps(signal) + "\n", encoding="utf-8")
        (archive / "prices.jsonl").write_text(json.dumps(price) + "\n", encoding="utf-8")
>       result = run_window(30, archive_dir=archive, as_of=clock.isoformat())
                 ^^^^^^^^^^^^^^^^^^^^^^^^^^^^^^^^^^^^^^^^^^^^^^^^^^^^^^^^^^^^
E       TypeError: run_window() got an unexpected keyword argument 'as_of'

tests/test_cross_asset_decision_intelligence.py:250: TypeError
_ test_historical_replay_refuses_unproven_identity_time_and_price[symbol_mismatch] _

tmp_path = PosixPath('/tmp/pytest-of-johnclaw/pytest-115414/test_historical_replay_refuses3')
mutation = 'symbol_mismatch'

    @pytest.mark.parametrize("mutation", ["missing_asof", "naive_asof", "future_identity", "symbol_mismatch", "unresolved_identity", "nonfinite_price"])
    def test_historical_replay_refuses_unproven_identity_time_and_price(tmp_path, mutation):
        from datetime import timedelta
        from scripts.ops.run_cross_asset_historical_replay import run_window

        archive, clock, signal, price, _ = _historical_archive(tmp_path)
        if mutation == "missing_asof":
            signal["identity"].pop("as_of")
        elif mutation == "naive_asof":
            signal["identity"]["as_of"] = "2026-01-01T00:00:00"
        elif mutation == "future_identity":
            signal["identity"]["as_of"] = (clock + timedelta(days=1)).isoformat()
        elif mutation == "symbol_mismatch":
            signal["identity"]["symbol"] = "XYZ"
        elif mutation == "unresolved_identity":
            signal["identity"]["identity_status"] = "UNRESOLVED"
        elif mutation == "nonfinite_price":
            price["price"] = float("nan")
        (archive / "signals.jsonl").write_text(json.dumps(signal) + "\n", encoding="utf-8")
        (archive / "prices.jsonl").write_text(json.dumps(price) + "\n", encoding="utf-8")
>       result = run_window(30, archive_dir=archive, as_of=clock.isoformat())
                 ^^^^^^^^^^^^^^^^^^^^^^^^^^^^^^^^^^^^^^^^^^^^^^^^^^^^^^^^^^^^
E       TypeError: run_window() got an unexpected keyword argument 'as_of'

tests/test_cross_asset_decision_intelligence.py:250: TypeError
_ test_historical_replay_refuses_unproven_identity_time_and_price[unresolved_identity] _

tmp_path = PosixPath('/tmp/pytest-of-johnclaw/pytest-115414/test_historical_replay_refuses4')
mutation = 'unresolved_identity'

    @pytest.mark.parametrize("mutation", ["missing_asof", "naive_asof", "future_identity", "symbol_mismatch", "unresolved_identity", "nonfinite_price"])
    def test_historical_replay_refuses_unproven_identity_time_and_price(tmp_path, mutation):
        from datetime import timedelta
        from scripts.ops.run_cross_asset_historical_replay import run_window

        archive, clock, signal, price, _ = _historical_archive(tmp_path)
        if mutation == "missing_asof":
            signal["identity"].pop("as_of")
        elif mutation == "naive_asof":
            signal["identity"]["as_of"] = "2026-01-01T00:00:00"
        elif mutation == "future_identity":
            signal["identity"]["as_of"] = (clock + timedelta(days=1)).isoformat()
        elif mutation == "symbol_mismatch":
            signal["identity"]["symbol"] = "XYZ"
        elif mutation == "unresolved_identity":
            signal["identity"]["identity_status"] = "UNRESOLVED"
        elif mutation == "nonfinite_price":
            price["price"] = float("nan")
        (archive / "signals.jsonl").write_text(json.dumps(signal) + "\n", encoding="utf-8")
        (archive / "prices.jsonl").write_text(json.dumps(price) + "\n", encoding="utf-8")
>       result = run_window(30, archive_dir=archive, as_of=clock.isoformat())
                 ^^^^^^^^^^^^^^^^^^^^^^^^^^^^^^^^^^^^^^^^^^^^^^^^^^^^^^^^^^^^
E       TypeError: run_window() got an unexpected keyword argument 'as_of'

tests/test_cross_asset_decision_intelligence.py:250: TypeError
_ test_historical_replay_refuses_unproven_identity_time_and_price[nonfinite_price] _

tmp_path = PosixPath('/tmp/pytest-of-johnclaw/pytest-115414/test_historical_replay_refuses5')
mutation = 'nonfinite_price'

    @pytest.mark.parametrize("mutation", ["missing_asof", "naive_asof", "future_identity", "symbol_mismatch", "unresolved_identity", "nonfinite_price"])
    def test_historical_replay_refuses_unproven_identity_time_and_price(tmp_path, mutation):
        from datetime import timedelta
        from scripts.ops.run_cross_asset_historical_replay import run_window

        archive, clock, signal, price, _ = _historical_archive(tmp_path)
        if mutation == "missing_asof":
            signal["identity"].pop("as_of")
        elif mutation == "naive_asof":
            signal["identity"]["as_of"] = "2026-01-01T00:00:00"
        elif mutation == "future_identity":
            signal["identity"]["as_of"] = (clock + timedelta(days=1)).isoformat()
        elif mutation == "symbol_mismatch":
            signal["identity"]["symbol"] = "XYZ"
        elif mutation == "unresolved_identity":
            signal["identity"]["identity_status"] = "UNRESOLVED"
        elif mutation == "nonfinite_price":
            price["price"] = float("nan")
        (archive / "signals.jsonl").write_text(json.dumps(signal) + "\n", encoding="utf-8")
        (archive / "prices.jsonl").write_text(json.dumps(price) + "\n", encoding="utf-8")
>       result = run_window(30, archive_dir=archive, as_of=clock.isoformat())
                 ^^^^^^^^^^^^^^^^^^^^^^^^^^^^^^^^^^^^^^^^^^^^^^^^^^^^^^^^^^^^
E       TypeError: run_window() got an unexpected keyword argument 'as_of'

tests/test_cross_asset_decision_intelligence.py:250: TypeError
______ test_historical_replay_does_not_use_future_price_or_fact_snapshots ______

tmp_path = PosixPath('/tmp/pytest-of-johnclaw/pytest-115414/test_historical_replay_does_no0')

    def test_historical_replay_does_not_use_future_price_or_fact_snapshots(tmp_path):
        from datetime import timedelta
        from scripts.ops.run_cross_asset_historical_replay import run_window

        archive, clock, signal, price, facts = _historical_archive(tmp_path)
        future = clock + timedelta(days=1)
        future_price = {**price, "as_of": future.isoformat(), "price": 10000}
        future_facts = {**facts, "as_of": future.isoformat(), "facts_by_structure": {
            "shares": {"score": 99999, "as_of": future.isoformat()}}}
        for name, row in (("prices.jsonl", future_price), ("expression_facts.jsonl", future_facts)):
            with (archive / name).open("a", encoding="utf-8") as handle:
                handle.write(json.dumps(row) + "\n")
>       result = run_window(30, archive_dir=archive, as_of=clock.isoformat())
                 ^^^^^^^^^^^^^^^^^^^^^^^^^^^^^^^^^^^^^^^^^^^^^^^^^^^^^^^^^^^^
E       TypeError: run_window() got an unexpected keyword argument 'as_of'

tests/test_cross_asset_decision_intelligence.py:268: TypeError
______ test_historical_replay_future_only_prices_cannot_satisfy_coverage _______

tmp_path = PosixPath('/tmp/pytest-of-johnclaw/pytest-115414/test_historical_replay_future_0')

    def test_historical_replay_future_only_prices_cannot_satisfy_coverage(tmp_path):
        from datetime import timedelta
        from scripts.ops.run_cross_asset_historical_replay import run_window

        archive, clock, _, price, _ = _historical_archive(tmp_path)
        price["as_of"] = (clock + timedelta(days=1)).isoformat()
        (archive / "prices.jsonl").write_text(json.dumps(price) + "\n", encoding="utf-8")
>       result = run_window(30, archive_dir=archive, as_of=clock.isoformat())
                 ^^^^^^^^^^^^^^^^^^^^^^^^^^^^^^^^^^^^^^^^^^^^^^^^^^^^^^^^^^^^
E       TypeError: run_window() got an unexpected keyword argument 'as_of'

tests/test_cross_asset_decision_intelligence.py:284: TypeError
____ test_historical_replay_window_boundaries_use_instants_not_string_order ____

tmp_path = PosixPath('/tmp/pytest-of-johnclaw/pytest-115414/test_historical_replay_window_0')

    def test_historical_replay_window_boundaries_use_instants_not_string_order(tmp_path):
        from datetime import timedelta
        from scripts.ops.run_cross_asset_historical_replay import run_window

        archive, clock, signal, _, _ = _historical_archive(tmp_path)
        boundary = clock - timedelta(days=30)
        events = []
        for instant in (boundary - timedelta(seconds=1), boundary, clock, clock + timedelta(seconds=1)):
            row = json.loads(json.dumps(signal))
            row["event"] = build_event(symbol="ABC", signal="BUY", source="fixture",
                                       observed_at=instant.isoformat())
            row["identity"]["as_of"] = (boundary - timedelta(days=1)).isoformat()
            events.append(row)
        (archive / "signals.jsonl").write_text("".join(json.dumps(row) + "\n" for row in events), encoding="utf-8")
>       result = run_window(30, archive_dir=archive, as_of=clock.isoformat())
                 ^^^^^^^^^^^^^^^^^^^^^^^^^^^^^^^^^^^^^^^^^^^^^^^^^^^^^^^^^^^^
E       TypeError: run_window() got an unexpected keyword argument 'as_of'

tests/test_cross_asset_decision_intelligence.py:305: TypeError
______ test_historical_replay_cli_invalid_archive_returns_failure_receipt ______

tmp_path = PosixPath('/tmp/pytest-of-johnclaw/pytest-115414/test_historical_replay_cli_inv0')
capsys = <_pytest.capture.CaptureFixture object at 0x718b71713b60>

    def test_historical_replay_cli_invalid_archive_returns_failure_receipt(tmp_path, capsys):
        from scripts.ops.run_cross_asset_historical_replay import main

        archive, _, _, _, _ = _historical_archive(tmp_path)
        (archive / "signals.jsonl").write_text("[]\n", encoding="utf-8")
        out = tmp_path / "metrics.json"
>       assert main(["--archive-dir", str(archive), "--out", str(out)]) == 2
E       AssertionError: assert 0 == 2
E        +  where 0 = <function main at 0x718b70f62980>(['--archive-dir', '/tmp/pytest-of-johnclaw/pytest-115414/test_historical_replay_cli_inv0/archive', '--out', '/tmp/pytest-of-johnclaw/pytest-115414/test_historical_replay_cli_inv0/metrics.json'])

tests/test_cross_asset_decision_intelligence.py:317: AssertionError
----------------------------- Captured stdout call -----------------------------
{"ok": true, "wrote": "/tmp/pytest-of-johnclaw/pytest-115414/test_historical_replay_cli_inv0/metrics.json"}
________ test_historical_replay_refuses_output_inside_read_only_archive ________

tmp_path = PosixPath('/tmp/pytest-of-johnclaw/pytest-115414/test_historical_replay_refuses6')

    def test_historical_replay_refuses_output_inside_read_only_archive(tmp_path):
        from scripts.ops.run_cross_asset_historical_replay import main

        archive, _, _, _, _ = _historical_archive(tmp_path)
        price_bytes = (archive / "prices.jsonl").read_bytes()
>       assert main(["--archive-dir", str(archive), "--out", str(archive / "prices.jsonl")]) == 2
E       AssertionError: assert 0 == 2
E        +  where 0 = <function main at 0x718b70f62980>(['--archive-dir', '/tmp/pytest-of-johnclaw/pytest-115414/test_historical_replay_refuses6/archive', '--out', '/tmp/pytest-of-johnclaw/pytest-115414/test_historical_replay_refuses6/archive/prices.jsonl'])

tests/test_cross_asset_decision_intelligence.py:327: AssertionError
----------------------------- Captured stdout call -----------------------------
{"ok": true, "wrote": "/tmp/pytest-of-johnclaw/pytest-115414/test_historical_replay_refuses6/archive/prices.jsonl"}
=========================== short test summary info ============================
FAILED tests/test_cross_asset_decision_intelligence.py::test_historical_replay_evaluates_present_valid_archives_instead_of_zero_stub
FAILED tests/test_cross_asset_decision_intelligence.py::test_historical_replay_without_option_facts_counts_signals_but_refuses_superiority
FAILED tests/test_cross_asset_decision_intelligence.py::test_historical_replay_is_deterministic_with_explicit_as_of
FAILED tests/test_cross_asset_decision_intelligence.py::test_historical_replay_malformed_archive_is_invalid_instead_of_available[signals.jsonl]
FAILED tests/test_cross_asset_decision_intelligence.py::test_historical_replay_malformed_archive_is_invalid_instead_of_available[prices.jsonl]
FAILED tests/test_cross_asset_decision_intelligence.py::test_historical_replay_malformed_archive_is_invalid_instead_of_available[expression_facts.jsonl]
FAILED tests/test_cross_asset_decision_intelligence.py::test_historical_replay_refuses_unproven_identity_time_and_price[missing_asof]
FAILED tests/test_cross_asset_decision_intelligence.py::test_historical_replay_refuses_unproven_identity_time_and_price[naive_asof]
FAILED tests/test_cross_asset_decision_intelligence.py::test_historical_replay_refuses_unproven_identity_time_and_price[future_identity]
FAILED tests/test_cross_asset_decision_intelligence.py::test_historical_replay_refuses_unproven_identity_time_and_price[symbol_mismatch]
FAILED tests/test_cross_asset_decision_intelligence.py::test_historical_replay_refuses_unproven_identity_time_and_price[unresolved_identity]
FAILED tests/test_cross_asset_decision_intelligence.py::test_historical_replay_refuses_unproven_identity_time_and_price[nonfinite_price]
FAILED tests/test_cross_asset_decision_intelligence.py::test_historical_replay_does_not_use_future_price_or_fact_snapshots
FAILED tests/test_cross_asset_decision_intelligence.py::test_historical_replay_future_only_prices_cannot_satisfy_coverage
FAILED tests/test_cross_asset_decision_intelligence.py::test_historical_replay_window_boundaries_use_instants_not_string_order
FAILED tests/test_cross_asset_decision_intelligence.py::test_historical_replay_cli_invalid_archive_returns_failure_receipt
FAILED tests/test_cross_asset_decision_intelligence.py::test_historical_replay_refuses_output_inside_read_only_archive
17 failed, 11 deselected in 0.90s
