Exact campaign_m2_canary_lanes gate plus adjacent producer search/authority families
Command: .venv/bin/python -m pytest -q tests/test_persistent_agent_wake.py tests/test_replay_determinism_a.py tests/test_replay_determinism_b.py tests/test_replay_determinism_c.py tests/test_replay_determinism_d.py tests/test_research_dossier_consumption.py tests/test_comms_campaign_gaps_b.py tests/test_comms_memory_and_self_repair.py tests/test_belief_calibration_d.py tests/test_outcome_lifecycle_d.py tests/test_self_repair_d.py tests/test_memory_wake_loading.py tests/test_memory_loader_schema_compat.py tests/test_wake_memory_symbol_resolve.py tests/test_wake_stale_memory_degrades.py tests/test_memory_decay.py tests/test_memory_grounding_l2.py tests/test_wake_l3_call_site.py tests/test_narrative_subject_confidence.py tests/test_material_change_gateway_route.py tests/test_ddl_guard.py tests/test_social_ingest_rows_measured.py tests/test_l3_judgment_pipeline.py tests/test_l3_judgment_cache.py tests/test_l3_judgment_author_registered_20260919.py tests/test_l3_author_billing_fallback_20260919.py tests/test_l3_critic.py tests/test_l3_commitment.py tests/test_model_policy.py tests/test_material_residual_gate.py tests/test_judgment_schema.py tests/test_agent_view_v1_l3.py tests/test_deepseek_offpeak_l3.py tests/test_hub_release_drift.py tests/test_runtime_identity.py tests/test_oscillator_registry.py tests/test_oscillator_alerts.py tests/test_confluence_flip_routing.py tests/test_oscillator_board_reads.py tests/test_telegram_operator_presentation.py tests/test_wake_schedule_contract.py tests/test_wake_negative_mutation_controls.py tests/test_comms_memory_gateway.py tests/test_brave_router.py tests/test_brave_router_governs_api_v2.py tests/test_brave_router_shared_file_requests.py tests/test_brave_direct_call_bypass_scan.py tests/test_consumption_evidence_counting.py tests/test_integrated_traces.py tests/test_run_persistent_wake.py tests/test_wake_state_root_stability.py tests/test_wake_subject_selector.py tests/test_critique_question_writeback_20260919.py tests/test_cio_instrument_wake_enqueue_20260919.py tests/test_wake_research_consumption.py tests/test_governed_research_producer.py tests/test_governed_research_producer_runner.py tests/test_current_pin_gitignore_exemption.py tests/test_narrative_subject_identity.py tests/test_sector_move_subject.py tests/test_narrative_lane_wiring.py tests/test_wake_memory_carryforward.py tests/test_outbound_identity.py tests/test_narrative_composition.py tests/test_narrative_narrator.py tests/test_wake_composition.py tests/test_wake_consumption_loop_closure.py tests/test_agent_gateway_adapter.py tests/test_gateway_settlement.py tests/test_durable_event_settlement.py tests/test_comms_settlement_terminal_states_20260930.py tests/test_inbound_event_normalizer.py tests/test_inbound_consumption.py tests/test_atomic_inbound.py tests/test_atomic_inbound_poller_gate.py tests/test_cio_poller_reply.py tests/test_cio_answer_quality.py tests/test_governed_commitment.py tests/test_governed_commitment_shadow.py tests/test_cortex_shadow_pipeline.py tests/test_wake_cortex_shadow_hook.py tests/test_drive_mutation_safety.py tests/test_campaign_maturity_truth.py tests/test_runtime_reachability.py tests/test_inbound_poller_integration.py tests/test_receipt_write_barrier.py tests/test_poller_release_identity.py tests/test_comms_credential_resolve.py tests/test_delivery_provenance_quarantine.py tests/test_maturity_lanes_f_j.py tests/test_observe_flash_cio_soak.py tests/test_gog_drive_safe_parse_id.py tests/test_drive_sync_preserved_captures_20260923.py tests/test_run_self_repair_loop_dry.py tests/test_holding_llm_curation.py tests/test_free_search_fallback_20260916.py tests/test_search_budget_and_health.py tests/test_dark_contract_guard.py tests/test_data_source_authority_20260913.py
........................................................................ [  8%]
........................................................................ [ 16%]
........................................................................ [ 24%]
........................................................................ [ 33%]
........................................................................ [ 41%]
......xx................................................................ [ 49%]
........................................................................ [ 58%]
........................................................................ [ 66%]
........................................................................ [ 74%]
........................................................................ [ 82%]
........................................................................ [ 91%]
........................................................................ [ 99%]
....                                                                     [100%]
=============================== warnings summary ===============================
tests/test_dark_contract_guard.py::test_the_gate_is_green_on_this_tree
tests/test_dark_contract_guard.py::test_a_declaration_that_says_not_installed_is_not_a_caller
tests/test_dark_contract_guard.py::test_reclassification_lands_in_declared_not_in_new
  scripts/defense_recommendations.py:1031: SyntaxWarning: "\$" is an invalid escape sequence. Such sequences will not work in the future. Did you mean "\\$"? A raw string is also an option.
    "no equity pair qualified (no same-account destination cleared the \$2K-leg rails)")

-- Docs: https://docs.pytest.org/en/stable/how-to/capture-warnings.html
866 passed, 2 xfailed, 3 warnings in 891.93s (0:14:51)
